[www.upmenu.com/blog/food-blogs/index.html]
[backblue.gif]
[fade.gif]
[index.html]
[www.upmenu.com/blog/food-blogs/o,baseURI]
[www.upmenu.com/blog/food-blogs/Edge/index.html]
[www.upmenu.com/wp-content/uploads/2022/10/cropped-favicon-32x32.png]
[www.upmenu.com/wp-content/uploads/2022/10/cropped-favicon-192x192.png]
[www.upmenu.com/wp-content/uploads/2022/10/cropped-favicon-180x180.png]
[connect.facebook.net/en_US/fbevents.js]
[www.upmenu.com/wp-content/uploads/2023/06/Best_Food_Blogs.jpg]
[www.upmenu.com/wp-content/uploads/2023/05/restaurant-websites-2.png]
[www.upmenu.com/wp-content/uploads/2023/05/restaurant-marketing-1.png]
[www.upmenu.com/wp-content/uploads/2023/06/recipe-blogs1.jpg]
[www.upmenu.com/wp-content/uploads/2023/06/top-food-blogs2.jpg]
[www.upmenu.com/wp-content/uploads/2023/06/best-recipe-blog3.jpg]
[www.upmenu.com/wp-content/uploads/2023/06/famous-food-bloggers4.jpg]
[www.upmenu.com/wp-content/uploads/2023/06/best-foodie-websites5.jpg]
[www.upmenu.com/wp-content/uploads/2023/06/most-popular-food-blogs6.jpg]
[www.upmenu.com/wp-content/uploads/2023/06/top-recipe-blog7.jpg]
[www.upmenu.com/wp-content/uploads/2023/06/american-food-bloggers8.jpg]
[www.upmenu.com/wp-content/uploads/2023/06/popular-food-blogs9.jpg]
[www.upmenu.com/wp-content/uploads/2023/06/best-recipe-blog10.jpg]
[www.upmenu.com/wp-content/uploads/2023/06/food-blogs-to-follow11.jpg]
[www.upmenu.com/wp-content/uploads/2023/06/blogs-about-food12.jpg]
[www.upmenu.com/wp-content/uploads/2023/06/foodie-blogs13.jpg]
[www.upmenu.com/wp-content/uploads/2023/06/best-food-websites14.jpg]
[www.upmenu.com/wp-content/uploads/2023/06/best-cooking-blog15.jpg]
[www.upmenu.com/wp-content/uploads/2023/06/best-recipe-blog16.jpg]
[www.upmenu.com/wp-content/uploads/2023/06/cooking-blogs17.jpg]
[www.upmenu.com/wp-content/uploads/2023/06/food-bloggers18.jpg]
[www.upmenu.com/wp-content/uploads/2023/06/food-blogs-to-follow19.jpg]
[www.upmenu.com/wp-content/uploads/2023/06/food-blogs20.jpg]
[www.upmenu.com/wp-content/uploads/2023/03/unnamed.jpg]
[www.upmenu.com/wp-content/uploads/2023/05/Best_Restaurant_Review_Sites__Apps-1024x536.jpg]
[www.upmenu.com/wp-content/uploads/2023/04/Best_Restaurant_Promotion_Ideas-1024x536.jpg]
[www.upmenu.com/wp-content/uploads/2023/04/47-Best-Restaurant-Marketing-Strategies-Ideas-2-1024x536.jpg]
[www.upmenu.com/wp-content/uploads/2023/02/Restaurant-marketing.jpg]
[www.upmenu.com/wp-content/uploads/2023/05/Restaurant-Feedback-System-Feedback-Form-1.jpg]
[cdn-bnklg.nitrocdn.com/WQiharaAoSUWjdmYdQaoZKLXawgJIPOR/assets/static/optimized/rev-5949955/cdn-cookieyes.com/client_data/624aebdf46b992f1b2726f3f/nitro-min-script.js]
[cdn-bnklg.nitrocdn.com/WQiharaAoSUWjdmYdQaoZKLXawgJIPOR/assets/static/optimized/rev-5949955/plausible.io/js/nitro-min-6a9f6cd98bc5ac0841556f065b41cf3e.plausible.outbound-links.js]
[cdn-bnklg.nitrocdn.com/WQiharaAoSUWjdmYdQaoZKLXawgJIPOR/assets/static/optimized/rev-5949955/www.upmenu.com/wp-includes/js/jquery/nitro-min-f43b551b749a36845288913120943cc6.jquery.min.js]
[cdn-bnklg.nitrocdn.com/WQiharaAoSUWjdmYdQaoZKLXawgJIPOR/assets/static/optimized/rev-5949955/www.upmenu.com/wp-includes/js/jquery/nitro-min-558973c0fd98109493258c8470e94016.jquery-migrate.min.js]
[cdn-bnklg.nitrocdn.com/WQiharaAoSUWjdmYdQaoZKLXawgJIPOR/assets/static/optimized/rev-5949955/unpkg.com/feather-icons@4.29.1/dist/nitro-min-1e395ae0b479db62ec860dd6b4cfa2a0.feather.min.js]
[cdn-bnklg.nitrocdn.com/WQiharaAoSUWjdmYdQaoZKLXawgJIPOR/assets/static/optimized/rev-5949955/www.upmenu.com/wp-includes/js/nitro-min-bb9380835a1e1ed6a189fce7cbb36d11.imagesloaded.min.js]
[cdn-bnklg.nitrocdn.com/WQiharaAoSUWjdmYdQaoZKLXawgJIPOR/assets/static/optimized/rev-5949955/www.upmenu.com/wp-includes/js/dist/nitro-min-2ebd25f3981adcd89e647172a1634381.hooks.min.js]
[cdn-bnklg.nitrocdn.com/WQiharaAoSUWjdmYdQaoZKLXawgJIPOR/assets/static/optimized/rev-5949955/www.upmenu.com/wp-content/plugins/ele-custom-skin/assets/js/nitro-min-9dfc4f47dcc7cb7baeacc2dae286add6.ecs.2d]
[cdn-bnklg.nitrocdn.com/WQiharaAoSUWjdmYdQaoZKLXawgJIPOR/assets/static/optimized/rev-5949955/www.upmenu.com/wp-content/plugins/activecampaign-subscription-forms/nitro-min-1e395ae0b479db62ec860dd6b4cfa2a]
[cdn-bnklg.nitrocdn.com/WQiharaAoSUWjdmYdQaoZKLXawgJIPOR/assets/static/optimized/rev-5949955/www.upmenu.com/wp-content/plugins/ele-custom-skin/assets/js/nitro-min-9dfc4f47dcc7cb7baeacc2dae286add6.ecs_aj]
[cdn-bnklg.nitrocdn.com/WQiharaAoSUWjdmYdQaoZKLXawgJIPOR/assets/static/optimized/rev-5949955/www.upmenu.com/wp-includes/js/dist/nitro-min-f92fe2242090a4dd3a1e008a3309488c.i18n.min.js]
[cdn-bnklg.nitrocdn.com/WQiharaAoSUWjdmYdQaoZKLXawgJIPOR/assets/static/optimized/rev-5949955/www.upmenu.com/wp-includes/js/jquery/ui/nitro-min-3f14e9ae88f0336c658774ab6b2e8d39.core.min.js]
[cdn-bnklg.nitrocdn.com/WQiharaAoSUWjdmYdQaoZKLXawgJIPOR/assets/static/optimized/rev-5949955/www.upmenu.com/combinedCss/nitro-min-noimport-0fa5f8c768d3609aefe747c1b18aeacb-stylesheet.css]
[cdn-bnklg.nitrocdn.com/WQiharaAoSUWjdmYdQaoZKLXawgJIPOR/assets/static/optimized/rev-5949955/www.upmenu.com/combinedCss/nitro-min-noimport-b6c6f1b2c019ef05e8323eb675e1aefd-stylesheet.css]
[cdn-bnklg.nitrocdn.com/WQiharaAoSUWjdmYdQaoZKLXawgJIPOR/assets/static/optimized/rev-5949955/www.upmenu.com/wp-content/themes/upmenucom/assets/js/nitro-min-9be655db6938c44072489ddadee200f5.functions.2f]
[cdn-bnklg.nitrocdn.com/WQiharaAoSUWjdmYdQaoZKLXawgJIPOR/assets/static/optimized/rev-5949955/www.upmenu.com/combinedCss/nitro-min-noimport-2747c65c5f794934e44d6b9e663a2b8d-stylesheet.css]
[cdn-bnklg.nitrocdn.com/WQiharaAoSUWjdmYdQaoZKLXawgJIPOR/assets/static/optimized/rev-5949955/www.upmenu.com/wp-content/plugins/site-reviews/assets/scripts/nitro-min-6dd412678a877a52fa4f454cf92ebec6.site]
[cdn-bnklg.nitrocdn.com/WQiharaAoSUWjdmYdQaoZKLXawgJIPOR/assets/images/optimized/rev-4c3cc16/www.upmenu.com/wp-content/uploads/2022/08/phone-frame.png]
[cdn-bnklg.nitrocdn.com/WQiharaAoSUWjdmYdQaoZKLXawgJIPOR/assets/static/optimized/rev-5949955/www.upmenu.com/combinedCss/nitro-min-noimport-4c8823c3a78af2e0eaf9c266214d8e19-stylesheet.css]
[cdn-bnklg.nitrocdn.com/WQiharaAoSUWjdmYdQaoZKLXawgJIPOR/assets/static/optimized/rev-5949955/www.upmenu.com/combinedCss/nitro-min-noimport-f4b921a1eb1ac704755468dee2aecee2-stylesheet.css]
[cdn-bnklg.nitrocdn.com/WQiharaAoSUWjdmYdQaoZKLXawgJIPOR/assets/static/optimized/rev-5949955/www.upmenu.com/wp-content/plugins/make-column-clickable-elementor/assets/js/nitro-min-2fca81ef3b9ef1cf13547b9]
[cdn-bnklg.nitrocdn.com/WQiharaAoSUWjdmYdQaoZKLXawgJIPOR/assets/static/optimized/rev-5949955/www.upmenu.com/combinedCss/nitro-min-noimport-2bd3edc41c3a9b7cfe01c23ddff6e9ee-stylesheet.css]
[cdn-bnklg.nitrocdn.com/WQiharaAoSUWjdmYdQaoZKLXawgJIPOR/assets/static/optimized/rev-5949955/www.upmenu.com/combinedCss/nitro-min-noimport-81387bda4a9d294d002bad5ff0ec8170-stylesheet.css]
[www.upmenu.com/blog/food-blogs/index.html]
[cdn-bnklg.nitrocdn.com/WQiharaAoSUWjdmYdQaoZKLXawgJIPOR/assets/static/optimized/rev-5949955/www.upmenu.com/externalFontFace/nitro-min-noimport-c334c759ca742235c5ad7f7ac39e2c9c-stylesheet.css]
[www.upmenu.com/blog/food-blogs/o,baseURI.html]
[cdn-bnklg.nitrocdn.com/WQiharaAoSUWjdmYdQaoZKLXawgJIPOR/assets/static/optimized/rev-5949955/www.upmenu.com/wp-content/plugins/elementor-pro/assets/js/nitro-min-5d6300d2cf2d7771eb10b4cad0aad682.webpack-]
[www.upmenu.com/blog/food-blogs/Edge/index.html]
[cdn-bnklg.nitrocdn.com/WQiharaAoSUWjdmYdQaoZKLXawgJIPOR/assets/static/optimized/rev-5949955/www.upmenu.com/wp-content/plugins/elementor/assets/js/nitro-min-8864726b98ae0c0416683327ec781b08.webpack.runt]
[www.googletagmanager.com/gtm5445.html]
[cdn-bnklg.nitrocdn.com/WQiharaAoSUWjdmYdQaoZKLXawgJIPOR/assets/static/optimized/rev-5949955/www.upmenu.com/wp-content/plugins/elementor/assets/js/nitro-min-8864726b98ae0c0416683327ec781b08.frontend-mod]
[cdn-bnklg.nitrocdn.com/WQiharaAoSUWjdmYdQaoZKLXawgJIPOR/assets/static/optimized/rev-5949955/www.upmenu.com/wp-includes/js/dist/vendor/nitro-min-0226f3282db3ce4373a7476e57648ff4.wp-polyfill-inert.min.36]
[cdn-bnklg.nitrocdn.com/WQiharaAoSUWjdmYdQaoZKLXawgJIPOR/assets/static/optimized/rev-5949955/www.upmenu.com/wp-includes/js/dist/vendor/nitro-min-6c851c624cffd2a57d48dd6f4c743dfb.regenerator-runtime.min]
[cdn-bnklg.nitrocdn.com/WQiharaAoSUWjdmYdQaoZKLXawgJIPOR/assets/static/optimized/rev-5949955/www.upmenu.com/wp-content/plugins/elementor-pro/assets/js/nitro-min-5d6300d2cf2d7771eb10b4cad0aad682.frontend]
[cdn-bnklg.nitrocdn.com/WQiharaAoSUWjdmYdQaoZKLXawgJIPOR/assets/static/optimized/rev-5949955/www.upmenu.com/wp-includes/js/dist/vendor/nitro-min-2c7cef87d91a8c32817cef0915f9141b.wp-polyfill.min.38.delay]
[cdn-bnklg.nitrocdn.com/WQiharaAoSUWjdmYdQaoZKLXawgJIPOR/assets/static/optimized/rev-5949955/www.upmenu.com/wp-content/plugins/elementor/assets/lib/waypoints/nitro-min-05dab1e7174ef3cb7c002a1ae16cb972.w]
[cdn-bnklg.nitrocdn.com/WQiharaAoSUWjdmYdQaoZKLXawgJIPOR/assets/static/optimized/rev-5949955/www.upmenu.com/wp-content/plugins/elementor/assets/js/nitro-min-8864726b98ae0c0416683327ec781b08.frontend.min]
[cdn-bnklg.nitrocdn.com/WQiharaAoSUWjdmYdQaoZKLXawgJIPOR/assets/static/optimized/rev-5949955/www.upmenu.com/wp-content/plugins/elementor-pro/assets/js/nitro-min-5d6300d2cf2d7771eb10b4cad0aad682.elements]
[www.upmenu.com/blog/food-blogs/schema.org/index.html]
[www.upmenu.com/blog/food-blogs/b.resolvedLink]
[www.upmenu.com/signals/iwl.js]
[connect.facebook.net/en_US/fbevents.js]
[cdn-bnklg.nitrocdn.com/WQiharaAoSUWjdmYdQaoZKLXawgJIPOR/assets/static/optimized/rev-5949955/www.upmenu.com/combinedCss/nitro-min-noimport-0fa5f8c768d3609aefe747c1b18aeacb-stylesheet.css]
[cdn-bnklg.nitrocdn.com/WQiharaAoSUWjdmYdQaoZKLXawgJIPOR/assets/static/optimized/rev-5949955/www.upmenu.com/combinedCss/nitro-min-noimport-b6c6f1b2c019ef05e8323eb675e1aefd-stylesheet.css]
[cdn-bnklg.nitrocdn.com/WQiharaAoSUWjdmYdQaoZKLXawgJIPOR/assets/static/optimized/rev-5949955/www.upmenu.com/combinedCss/nitro-min-noimport-2747c65c5f794934e44d6b9e663a2b8d-stylesheet.css]
[cdn-bnklg.nitrocdn.com/WQiharaAoSUWjdmYdQaoZKLXawgJIPOR/assets/static/optimized/rev-5949955/www.upmenu.com/combinedCss/nitro-min-noimport-4c8823c3a78af2e0eaf9c266214d8e19-stylesheet.css]
[cdn-bnklg.nitrocdn.com/WQiharaAoSUWjdmYdQaoZKLXawgJIPOR/assets/static/optimized/rev-5949955/www.upmenu.com/combinedCss/nitro-min-noimport-f4b921a1eb1ac704755468dee2aecee2-stylesheet.css]
[cdn-bnklg.nitrocdn.com/WQiharaAoSUWjdmYdQaoZKLXawgJIPOR/assets/static/optimized/rev-5949955/www.upmenu.com/combinedCss/nitro-min-noimport-2bd3edc41c3a9b7cfe01c23ddff6e9ee-stylesheet.css]
[cdn-bnklg.nitrocdn.com/WQiharaAoSUWjdmYdQaoZKLXawgJIPOR/assets/images/optimized/rev-4c3cc16/www.upmenu.com/wp-content/uploads/2023/10/conversion-box-bg.png]
[cdn-bnklg.nitrocdn.com/WQiharaAoSUWjdmYdQaoZKLXawgJIPOR/assets/images/optimized/rev-4c3cc16/www.upmenu.com/wp-content/uploads/2022/05/waves-bg-2.png]
[cdn-bnklg.nitrocdn.com/WQiharaAoSUWjdmYdQaoZKLXawgJIPOR/assets/static/optimized/rev-5949955/www.upmenu.com/combinedCss/nitro-min-noimport-81387bda4a9d294d002bad5ff0ec8170-stylesheet.css]
[cdn-bnklg.nitrocdn.com/WQiharaAoSUWjdmYdQaoZKLXawgJIPOR/assets/static/optimized/rev-5949955/www.upmenu.com/externalFontFace/nitro-min-noimport-c334c759ca742235c5ad7f7ac39e2c9c-stylesheet.css]
[www.upmenu.com/blog/food-blogs/schema.org/index.html]
[www.upmenu.com/blog/food-blogs/b.html]
[www.upmenu.com/signals/iwl.html]
